[2026-07-27 08:57:44] ============================================================
[2026-07-27 08:57:44]   JOB START   : home_har_fedavg_uniform
[2026-07-27 08:57:44]   PID         : 553197
[2026-07-27 08:57:44]   Log         : /home/gad/Desktop/HomeSenseKD/logs/phase1/home_har_fedavg_uniform.log
[2026-07-27 08:57:44]   Results dir : /home/gad/Desktop/HomeSenseKD/results/phase1
[2026-07-27 08:57:44]   Fig dir     : /home/gad/Desktop/HomeSenseKD/results/phase1/figures
[2026-07-27 08:57:44]   Cmd         : /home/gad/Desktop/HomeSenseKD/myenv/bin/python /home/gad/Desktop/HomeSenseKD/run_fedkd.py \
[2026-07-27 08:57:44]                   --config /home/gad/Desktop/HomeSenseKD/config/home_har.yaml \
[2026-07-27 08:57:44]                   --algorithm fedavg --heterogeneity uniform \
[2026-07-27 08:57:44]                   --override experiment.results_dir=/home/gad/Desktop/HomeSenseKD/results/phase1 \
[2026-07-27 08:57:44]                              experiment.fig_dir=/home/gad/Desktop/HomeSenseKD/results/phase1/figures
[2026-07-27 08:57:44] ============================================================
[2026-07-27 08:58:30] ============================================================
[2026-07-27 08:58:30]   JOB START   : home_har_fedavg_uniform
[2026-07-27 08:58:30]   PID         : 554627
[2026-07-27 08:58:30]   Log         : /home/gad/Desktop/HomeSenseKD/logs/phase1/home_har_fedavg_uniform.log
[2026-07-27 08:58:30]   Results dir : /home/gad/Desktop/HomeSenseKD/results/phase1
[2026-07-27 08:58:30]   Fig dir     : /home/gad/Desktop/HomeSenseKD/results/phase1/figures
[2026-07-27 08:58:30]   Cmd         : /home/gad/Desktop/HomeSenseKD/myenv/bin/python /home/gad/Desktop/HomeSenseKD/run_fedkd.py \
[2026-07-27 08:58:30]                   --config /home/gad/Desktop/HomeSenseKD/config/home_har.yaml \
[2026-07-27 08:58:30]                   --algorithm fedavg --heterogeneity uniform \
[2026-07-27 08:58:30]                   --override experiment.results_dir=/home/gad/Desktop/HomeSenseKD/results/phase1 \
[2026-07-27 08:58:30]                              experiment.fig_dir=/home/gad/Desktop/HomeSenseKD/results/phase1/figures
[2026-07-27 08:58:30] ============================================================
[2026-07-27 08:59:08] ============================================================
[2026-07-27 08:59:08]   JOB START   : home_har_fedavg_uniform
[2026-07-27 08:59:08]   PID         : 555632
[2026-07-27 08:59:08]   Log         : /home/gad/Desktop/HomeSenseKD/logs/phase1/home_har_fedavg_uniform.log
[2026-07-27 08:59:08]   Results dir : /home/gad/Desktop/HomeSenseKD/results/phase1
[2026-07-27 08:59:08]   Fig dir     : /home/gad/Desktop/HomeSenseKD/results/phase1/figures
[2026-07-27 08:59:08]   Cmd         : /home/gad/Desktop/HomeSenseKD/myenv/bin/python /home/gad/Desktop/HomeSenseKD/run_fedkd.py \
[2026-07-27 08:59:08]                   --config /home/gad/Desktop/HomeSenseKD/config/home_har.yaml \
[2026-07-27 08:59:08]                   --algorithm fedavg --heterogeneity uniform \
[2026-07-27 08:59:08]                   --override experiment.results_dir=/home/gad/Desktop/HomeSenseKD/results/phase1 \
[2026-07-27 08:59:08]                              experiment.fig_dir=/home/gad/Desktop/HomeSenseKD/results/phase1/figures
[2026-07-27 08:59:08] ============================================================
