[2026-07-27 08:58:30] ============================================================
[2026-07-27 08:58:30]   JOB START   : home_har_fedprox_uniform
[2026-07-27 08:58:30]   PID         : 554635
[2026-07-27 08:58:30]   Log         : /home/gad/Desktop/HomeSenseKD/logs/phase1/home_har_fedprox_uniform.log
[2026-07-27 08:58:30]   Results dir : /home/gad/Desktop/HomeSenseKD/results/phase1
[2026-07-27 08:58:30]   Fig dir     : /home/gad/Desktop/HomeSenseKD/results/phase1/figures
[2026-07-27 08:58:30]   Cmd         : /home/gad/Desktop/HomeSenseKD/myenv/bin/python /home/gad/Desktop/HomeSenseKD/run_fedkd.py \
[2026-07-27 08:58:30]                   --config /home/gad/Desktop/HomeSenseKD/config/home_har.yaml \
[2026-07-27 08:58:30]                   --algorithm fedprox --heterogeneity uniform \
[2026-07-27 08:58:30]                   --override experiment.results_dir=/home/gad/Desktop/HomeSenseKD/results/phase1 \
[2026-07-27 08:58:30]                              experiment.fig_dir=/home/gad/Desktop/HomeSenseKD/results/phase1/figures
[2026-07-27 08:58:30] ============================================================
[2026-07-27 08:59:08] ============================================================
[2026-07-27 08:59:08]   JOB START   : home_har_fedprox_uniform
[2026-07-27 08:59:08]   PID         : 555644
[2026-07-27 08:59:08]   Log         : /home/gad/Desktop/HomeSenseKD/logs/phase1/home_har_fedprox_uniform.log
[2026-07-27 08:59:08]   Results dir : /home/gad/Desktop/HomeSenseKD/results/phase1
[2026-07-27 08:59:08]   Fig dir     : /home/gad/Desktop/HomeSenseKD/results/phase1/figures
[2026-07-27 08:59:08]   Cmd         : /home/gad/Desktop/HomeSenseKD/myenv/bin/python /home/gad/Desktop/HomeSenseKD/run_fedkd.py \
[2026-07-27 08:59:08]                   --config /home/gad/Desktop/HomeSenseKD/config/home_har.yaml \
[2026-07-27 08:59:08]                   --algorithm fedprox --heterogeneity uniform \
[2026-07-27 08:59:08]                   --override experiment.results_dir=/home/gad/Desktop/HomeSenseKD/results/phase1 \
[2026-07-27 08:59:08]                              experiment.fig_dir=/home/gad/Desktop/HomeSenseKD/results/phase1/figures
[2026-07-27 08:59:08] ============================================================
[2026-07-29 19:23:49] ============================================================
[2026-07-29 19:23:49]   JOB START   : home_har_fedprox_uniform
[2026-07-29 19:23:49]   PID         : 522
[2026-07-29 19:23:49]   Log         : /c/Users/ggad/Desktop/HomeSenseKD/logs/phase1/home_har_fedprox_uniform.log
[2026-07-29 19:23:49]   Results dir : /c/Users/ggad/Desktop/HomeSenseKD/results/phase1
[2026-07-29 19:23:49]   Fig dir     : /c/Users/ggad/Desktop/HomeSenseKD/results/phase1/figures
[2026-07-29 19:23:49]   Cmd         : C:\Users\ggad\Desktop\HomeSenseKD\venv/Scripts/python.exe /c/Users/ggad/Desktop/HomeSenseKD/run_fedkd.py \
[2026-07-29 19:23:49]                   --config /c/Users/ggad/Desktop/HomeSenseKD/config/home_har.yaml \
[2026-07-29 19:23:49]                   --algorithm fedprox --heterogeneity uniform \
[2026-07-29 19:23:49]                   --override experiment.results_dir=/c/Users/ggad/Desktop/HomeSenseKD/results/phase1 \
[2026-07-29 19:23:49]                              experiment.fig_dir=/c/Users/ggad/Desktop/HomeSenseKD/results/phase1/figures
[2026-07-29 19:23:49] ============================================================
